Running local pipeline in smoke mode: 2024 2025 first week of May.
====== Step 1: Setup locations, tiles, and clean outputs ======
2026-04-19 19:03:16,824 - Generating locations dataset...
2026-04-19 19:03:16,896 - Successfully saved 500 cities to cities.csv
2026-04-19 19:03:16,907 - Input cities: 500
2026-04-19 19:03:16,907 - Unique snapped ERA5 cells: 500
2026-04-19 19:03:16,907 - Occupied adaptive tiles: 10
2026-04-19 19:03:16,907 - Successfully generated CDS tile metadata under output_tiles
Weather tile shards: 3 | weather job limit: 3 | weather tile workers: 2 | weather profile: balanced
MRT tile shards: 3 | MRT job limit: 2 | analytics shards: 8
====== Step 2: Pull Google weather by tile bounding boxes ======
====== Step 3: Pull CDS MRT using tile bounding boxes ======
====== Step 4: Combine hourly weather + MRT shards ======
====== Step 5: Calculate PET from combined hourly shards ======
Processing PET for shard 2024-05-tile-001.
Processing PET for shard 2024-05-tile-002.
Processing PET for shard 2024-05-tile-003.
Computing PET for 2403 unique combinations.
Computing PET for 6629 unique combinations.
Computing PET for 4658 unique combinations.
PET core computation finished in 38.52 seconds.
Saved 105 rows to pet_data_csv/year=2024/month=05/tile_id=1/pet_batch_001.parquet.
Processing PET for shard 2024-05-tile-004.
Computing PET for 13619 unique combinations.
PET core computation finished in 76.06 seconds.
Saved 203 rows to pet_data_csv/year=2024/month=05/tile_id=2/pet_batch_002.parquet.
Processing PET for shard 2024-05-tile-005.
Computing PET for 16635 unique combinations.
PET core computation finished in 98.96 seconds.
Saved 280 rows to pet_data_csv/year=2024/month=05/tile_id=3/pet_batch_003.parquet.
Processing PET for shard 2024-05-tile-006.
Computing PET for 26446 unique combinations.
PET core computation finished in 204.88 seconds.
Saved 574 rows to pet_data_csv/year=2024/month=05/tile_id=4/pet_batch_004.parquet.
Processing PET for shard 2024-05-tile-007.
Computing PET for 6287 unique combinations.
PET core computation finished in 90.47 seconds.
Saved 273 rows to pet_data_csv/year=2024/month=05/tile_id=7/pet_batch_007.parquet.
Processing PET for shard 2024-05-tile-010.
Computing PET for 1484 unique combinations.
PET core computation finished in 259.30 seconds.
Saved 707 rows to pet_data_csv/year=2024/month=05/tile_id=5/pet_batch_005.parquet.
Processing PET for shard 2024-05-tile-008.
Computing PET for 2317 unique combinations.
PET core computation finished in 23.95 seconds.
Saved 63 rows to pet_data_csv/year=2024/month=05/tile_id=10/pet_batch_010.parquet.
Processing PET for shard 2025-05-tile-001.
Computing PET for 2485 unique combinations.
PET core computation finished in 35.97 seconds.
Saved 98 rows to pet_data_csv/year=2024/month=05/tile_id=8/pet_batch_008.parquet.
Processing PET for shard 2025-05-tile-002.
Computing PET for 4746 unique combinations.
PET core computation finished in 41.70 seconds.
Saved 105 rows to pet_data_csv/year=2025/month=05/tile_id=1/pet_batch_001.parquet.
Processing PET for shard 2025-05-tile-004.
Computing PET for 13508 unique combinations.
PET core computation finished in 77.38 seconds.
Saved 203 rows to pet_data_csv/year=2025/month=05/tile_id=2/pet_batch_002.parquet.
Processing PET for shard 2025-05-tile-005.
Computing PET for 16643 unique combinations.
PET core computation finished in 409.89 seconds.
Saved 1148 rows to pet_data_csv/year=2024/month=05/tile_id=6/pet_batch_006.parquet.
Processing PET for shard 2024-05-tile-009.
Computing PET for 1169 unique combinations.
PET core computation finished in 18.12 seconds.
Saved 49 rows to pet_data_csv/year=2024/month=05/tile_id=9/pet_batch_009.parquet.
Processing PET for shard 2025-05-tile-003.
Computing PET for 6638 unique combinations.
PET core computation finished in 215.53 seconds.
Saved 574 rows to pet_data_csv/year=2025/month=05/tile_id=4/pet_batch_004.parquet.
Processing PET for shard 2025-05-tile-007.
Computing PET for 6244 unique combinations.
PET core computation finished in 107.43 seconds.
Saved 280 rows to pet_data_csv/year=2025/month=05/tile_id=3/pet_batch_003.parquet.
Processing PET for shard 2025-05-tile-006.
Computing PET for 26886 unique combinations.
PET core computation finished in 261.93 seconds.
Saved 707 rows to pet_data_csv/year=2025/month=05/tile_id=5/pet_batch_005.parquet.
Processing PET for shard 2025-05-tile-008.
Computing PET for 2327 unique combinations.
PET core computation finished in 98.79 seconds.
Saved 273 rows to pet_data_csv/year=2025/month=05/tile_id=7/pet_batch_007.parquet.
Processing PET for shard 2025-05-tile-010.
Computing PET for 1469 unique combinations.
PET core computation finished in 23.43 seconds.
Saved 63 rows to pet_data_csv/year=2025/month=05/tile_id=10/pet_batch_010.parquet.
PET core computation finished in 34.86 seconds.
Saved 98 rows to pet_data_csv/year=2025/month=05/tile_id=8/pet_batch_008.parquet.
PET core computation finished in 402.64 seconds.
Saved 1148 rows to pet_data_csv/year=2025/month=05/tile_id=6/pet_batch_006.parquet.
Processing PET for shard 2025-05-tile-009.
Computing PET for 1172 unique combinations.
PET core computation finished in 17.42 seconds.
Saved 49 rows to pet_data_csv/year=2025/month=05/tile_id=9/pet_batch_009.parquet.
./run_local.sh: line 254: syntax error near unexpected token `then'
